Determining if the pthread_create exist failed with the following output:
Change Dir: /home/jordan/CLionProjects/Chess/cmake-build-debug/CMakeFiles/CMakeTmp

Run Build Command:"/usr/bin/make" "cmTC_3577c/fast"
/usr/bin/make -f CMakeFiles/cmTC_3577c.dir/build.make CMakeFiles/cmTC_3577c.dir/build
make[1]: Entering directory '/home/jordan/CLionProjects/Chess/cmake-build-debug/CMakeFiles/CMakeTmp'
Building C object CMakeFiles/cmTC_3577c.dir/CheckSymbolExists.c.o
/usr/bin/cc    -o CMakeFiles/cmTC_3577c.dir/CheckSymbolExists.c.o   -c /home/jordan/CLionProjects/Chess/cmake-build-debug/CMakeFiles/CMakeTmp/CheckSymbolExists.c
Linking C executable cmTC_3577c
/opt/clion-2018.3.4/bin/cmake/linux/bin/cmake -E cmake_link_script CMakeFiles/cmTC_3577c.dir/link.txt --verbose=1
/usr/bin/cc      -rdynamic CMakeFiles/cmTC_3577c.dir/CheckSymbolExists.c.o  -o cmTC_3577c 
CMakeFiles/cmTC_3577c.dir/CheckSymbolExists.c.o: In function `main':
CheckSymbolExists.c:(.text+0x1b): undefined reference to `pthread_create'
collect2: error: ld returned 1 exit status
CMakeFiles/cmTC_3577c.dir/build.make:86: recipe for target 'cmTC_3577c' failed
make[1]: *** [cmTC_3577c] Error 1
make[1]: Leaving directory '/home/jordan/CLionProjects/Chess/cmake-build-debug/CMakeFiles/CMakeTmp'
Makefile:121: recipe for target 'cmTC_3577c/fast' failed
make: *** [cmTC_3577c/fast] Error 2

File /home/jordan/CLionProjects/Chess/cmake-build-debug/CMakeFiles/CMakeTmp/CheckSymbolExists.c:
/* */
#include <pthread.h>

int main(int argc, char** argv)
{
  (void)argv;
#ifndef pthread_create
  return ((int*)(&pthread_create))[argc];
#else
  (void)argc;
  return 0;
#endif
}

Determining if the function pthread_create exists in the pthreads failed with the following output:
Change Dir: /home/jordan/CLionProjects/Chess/cmake-build-debug/CMakeFiles/CMakeTmp

Run Build Command:"/usr/bin/make" "cmTC_50cc8/fast"
/usr/bin/make -f CMakeFiles/cmTC_50cc8.dir/build.make CMakeFiles/cmTC_50cc8.dir/build
make[1]: Entering directory '/home/jordan/CLionProjects/Chess/cmake-build-debug/CMakeFiles/CMakeTmp'
Building C object CMakeFiles/cmTC_50cc8.dir/CheckFunctionExists.c.o
/usr/bin/cc   -DCHECK_FUNCTION_EXISTS=pthread_create   -o CMakeFiles/cmTC_50cc8.dir/CheckFunctionExists.c.o   -c /opt/clion-2018.3.4/bin/cmake/linux/share/cmake-3.13/Modules/CheckFunctionExists.c
Linking C executable cmTC_50cc8
/opt/clion-2018.3.4/bin/cmake/linux/bin/cmake -E cmake_link_script CMakeFiles/cmTC_50cc8.dir/link.txt --verbose=1
/usr/bin/cc  -DCHECK_FUNCTION_EXISTS=pthread_create    -rdynamic CMakeFiles/cmTC_50cc8.dir/CheckFunctionExists.c.o  -o cmTC_50cc8 -lpthreads 
/usr/bin/ld: cannot find -lpthreads
collect2: error: ld returned 1 exit status
CMakeFiles/cmTC_50cc8.dir/build.make:86: recipe for target 'cmTC_50cc8' failed
make[1]: *** [cmTC_50cc8] Error 1
make[1]: Leaving directory '/home/jordan/CLionProjects/Chess/cmake-build-debug/CMakeFiles/CMakeTmp'
Makefile:121: recipe for target 'cmTC_50cc8/fast' failed
make: *** [cmTC_50cc8/fast] Error 2


